// Jest Snapshot v1, https://goo.gl/fbAQLP

exports[`Button Component Renders correctly for default button 1`] = `
<DocumentFragment>
  <button
    aria-label="default"
    class="rounded bg-green-500 px-4 py-2 text-white disabled:opacity-50 hover:bg-green-400"
    type="button"
  >
    Button Text
  </button>
</DocumentFragment>
`;

exports[`Button Component renders correctly for default button 1`] = `
<DocumentFragment>
  <button
    aria-label="default"
    class="rounded bg-green-500 px-4 py-2 text-white disabled:opacity-50 hover:bg-green-400"
    type="button"
  >
    Button Text
  </button>
</DocumentFragment>
`;
